interactions:
- request:
    body: null
    headers: {}
    method: PUT
    uri: https://192.168.1.253/v1/user/setting/login
  response:
    body:
      string: "{\n    \"status\": \"success\",\n    \"auth_key\": \"0598ac8a-fe73-11e9-a9be-ba5511008000\"\
        ,\n    \"regnum\": \"THE_ESS_NAME\",\n    \"role\": \"user\"\n}\n"
    headers:
      Access-Control-Allow-Origin: '*'
      Connection: keep-alive
      Content-Type: application/json
      Date: Sun, 03 Nov 2019 19:49:18 GMT
      Server: nginx/1.10.3
      Transfer-Encoding: chunked
    status:
      code: 200
      message: OK
    url: https://192.168.1.253/v1/user/setting/login
- request:
    body: null
    headers: {}
    method: PUT
    uri: https://192.168.1.253/v1/user/setting/timesync
  response:
    body:
      string: "{\n    \"status\": \"success\"\n}\n"
    headers:
      Access-Control-Allow-Origin: '*'
      Connection: keep-alive
      Content-Type: application/json
      Date: Sun, 03 Nov 2019 19:49:19 GMT
      Server: nginx/1.10.3
      Transfer-Encoding: chunked
    status:
      code: 200
      message: OK
    url: https://192.168.1.253/v1/user/setting/timesync
- request:
    body: null
    headers: {}
    method: POST
    uri: https://192.168.1.253/v1/user/graph/pv/week
  response:
    body:
      string: "{\n    \"m_timeFrom\": \"20191028000000\",\n    \"m_timeTo\": \"20191103224500\"\
        ,\n    \"db\": \"success\",\n    \"loginfo\":\n    [\n        {\n        \
        \    \"db\": \"0\",\n            \"time\": \"20191028000000\",\n         \
        \   \"generation\": \"5645\",\n            \"feed_in\": \"119\",\n       \
        \     \"self_consum\": \"97.89194\",\n            \"total_generation\": \"\
        5645\",\n            \"total_Feed_in\": \"119\"\n        },\n        {\n \
        \           \"db\": \"1\",\n            \"time\": \"20191029000000\",\n  \
        \          \"generation\": \"6698\",\n            \"feed_in\": \"42\",\n \
        \           \"self_consum\": \"99.37295\",\n            \"total_generation\"\
        : \"12343\",\n            \"total_Feed_in\": \"161\"\n        },\n       \
        \ {\n            \"db\": \"2\",\n            \"time\": \"20191030000000\"\
        ,\n            \"generation\": \"13356\",\n            \"feed_in\": \"4263\"\
        ,\n            \"self_consum\": \"68.08176\",\n            \"total_generation\"\
        : \"25699\",\n            \"total_Feed_in\": \"4424\"\n        },\n      \
        \  {\n            \"db\": \"3\",\n            \"time\": \"20191031000000\"\
        ,\n            \"generation\": \"22267\",\n            \"feed_in\": \"13001\"\
        ,\n            \"self_consum\": \"41.61315\",\n            \"total_generation\"\
        : \"47966\",\n            \"total_Feed_in\": \"17425\"\n        },\n     \
        \   {\n            \"db\": \"4\",\n            \"time\": \"20191101000000\"\
        ,\n            \"generation\": \"1294\",\n            \"feed_in\": \"143\"\
        ,\n            \"self_consum\": \"88.949\",\n            \"total_generation\"\
        : \"49260\",\n            \"total_Feed_in\": \"17568\"\n        },\n     \
        \   {\n            \"db\": \"5\",\n            \"time\": \"20191102000000\"\
        ,\n            \"generation\": \"4355\",\n            \"feed_in\": \"216\"\
        ,\n            \"self_consum\": \"95.04018\",\n            \"total_generation\"\
        : \"53615\",\n            \"total_Feed_in\": \"17784\"\n        },\n     \
        \   {\n            \"db\": \"6\",\n            \"time\": \"20191103000000\"\
        ,\n            \"generation\": \"4686\",\n            \"feed_in\": \"116\"\
        ,\n            \"self_consum\": \"97.52454\",\n            \"total_generation\"\
        : \"58301\",\n            \"total_Feed_in\": \"17900\"\n        }\n    ]\n\
        }\n"
    headers:
      Access-Control-Allow-Origin: '*'
      Connection: keep-alive
      Content-Type: application/json
      Date: Sun, 03 Nov 2019 19:49:19 GMT
      Server: nginx/1.10.3
      Transfer-Encoding: chunked
    status:
      code: 200
      message: OK
    url: https://192.168.1.253/v1/user/graph/pv/week
version: 1
