interactions:
- request:
    body: '{"password": "ba5511008000"}'
    headers:
      Accept:
      - '*/*'
      Accept-Encoding:
      - gzip, deflate
      Connection:
      - keep-alive
      Content-Length:
      - '28'
      Content-Type:
      - application/json
      User-Agent:
      - python-requests/2.22.0
    method: PUT
    uri: https://192.168.1.253/v1/user/setting/login
  response:
    body:
      string: "{\n    \"status\": \"success\",\n    \"auth_key\": \"236806b6-e5dc-11e9-a9ae-ba5511008000\"\
        ,\n    \"regnum\": \"THE_ESS_NAME\",\n    \"role\": \"user\"\n}\n"
    headers:
      Access-Control-Allow-Origin:
      - '*'
      Connection:
      - keep-alive
      Content-Type:
      - application/json
      Date:
      - Thu, 03 Oct 2019 12:48:46 GMT
      Server:
      - nginx/1.10.3
      Transfer-Encoding:
      - chunked
    status:
      code: 200
      message: OK
- request:
    body: '{"auth_key": "236806b6-e5dc-11e9-a9ae-ba5511008000", "by": "phone", "date_time":
      "2019-10-03 12:48:46"}'
    headers:
      Accept:
      - '*/*'
      Accept-Encoding:
      - gzip, deflate
      Connection:
      - keep-alive
      Content-Length:
      - '103'
      Content-Type:
      - application/json
      User-Agent:
      - python-requests/2.22.0
    method: PUT
    uri: https://192.168.1.253/v1/user/setting/timesync
  response:
    body:
      string: "{\n    \"status\": \"success\"\n}\n"
    headers:
      Access-Control-Allow-Origin:
      - '*'
      Connection:
      - keep-alive
      Content-Type:
      - application/json
      Date:
      - Thu, 03 Oct 2019 12:48:46 GMT
      Server:
      - nginx/1.10.3
      Transfer-Encoding:
      - chunked
    status:
      code: 200
      message: OK
- request:
    body: '{"auth_key": "236806b6-e5dc-11e9-a9ae-ba5511008000", "year_month": "201910"}'
    headers:
      Accept:
      - '*/*'
      Accept-Encoding:
      - gzip, deflate
      Connection:
      - keep-alive
      Content-Length:
      - '76'
      Content-Type:
      - application/json
      User-Agent:
      - python-requests/2.22.0
    method: POST
    uri: https://192.168.1.253/v1/user/graph/batt/month
  response:
    body:
      string: "{\n    \"m_timeFrom\": \"20191001000000\",\n    \"m_timeTo\": \"20191031214500\"\
        ,\n    \"db\": \"success\",\n    \"loginfo\":\n    [\n        {\n        \
        \    \"db\": \"0\",\n            \"time\": \"20191001000000\",\n         \
        \   \"charge\": \"1033\",\n            \"discharge\": \"954\",\n         \
        \   \"total_charge\": \"1033\",\n            \"total_discharge\": \"954\"\n\
        \        },\n        {\n            \"db\": \"1\",\n            \"time\":\
        \ \"20191002000000\",\n            \"charge\": \"4109\",\n            \"discharge\"\
        : \"1504\",\n            \"total_charge\": \"5142\",\n            \"total_discharge\"\
        : \"2458\"\n        },\n        {\n            \"db\": \"2\",\n          \
        \  \"time\": \"20191003000000\",\n            \"charge\": \"2622\",\n    \
        \        \"discharge\": \"9388\",\n            \"total_charge\": \"7764\"\
        ,\n            \"total_discharge\": \"11846\"\n        }\n    ]\n}\n"
    headers:
      Access-Control-Allow-Origin:
      - '*'
      Connection:
      - keep-alive
      Content-Type:
      - application/json
      Date:
      - Thu, 03 Oct 2019 12:48:46 GMT
      Server:
      - nginx/1.10.3
      Transfer-Encoding:
      - chunked
    status:
      code: 200
      message: OK
version: 1
